Archive member included to satisfy reference by file (symbol)

c:/dev/tool/gcc-arm-11.2-2022.02-mingw-w64-i686-arm-none-eabi/gcc-arm-11.2-2022.02-mingw-w64-i686-arm-none-eabi/bin/../lib/gcc/arm-none-eabi/11.2.1/thumb/v6-m/nofp\libc_nano.a(lib_a-exit.o)
                              c:/dev/tool/gcc-arm-11.2-2022.02-mingw-w64-i686-arm-none-eabi/gcc-arm-11.2-2022.02-mingw-w64-i686-arm-none-eabi/bin/../lib/gcc/arm-none-eabi/11.2.1/thumb/v6-m/nofp/crt0.o (exit)
c:/dev/tool/gcc-arm-11.2-2022.02-mingw-w64-i686-arm-none-eabi/gcc-arm-11.2-2022.02-mingw-w64-i686-arm-none-eabi/bin/../lib/gcc/arm-none-eabi/11.2.1/thumb/v6-m/nofp\libc_nano.a(lib_a-impure.o)
                              c:/dev/tool/gcc-arm-11.2-2022.02-mingw-w64-i686-arm-none-eabi/gcc-arm-11.2-2022.02-mingw-w64-i686-arm-none-eabi/bin/../lib/gcc/arm-none-eabi/11.2.1/thumb/v6-m/nofp\libc_nano.a(lib_a-exit.o) (_global_impure_ptr)
c:/dev/tool/gcc-arm-11.2-2022.02-mingw-w64-i686-arm-none-eabi/gcc-arm-11.2-2022.02-mingw-w64-i686-arm-none-eabi/bin/../lib/gcc/arm-none-eabi/11.2.1/thumb/v6-m/nofp\libc_nano.a(lib_a-init.o)
                              c:/dev/tool/gcc-arm-11.2-2022.02-mingw-w64-i686-arm-none-eabi/gcc-arm-11.2-2022.02-mingw-w64-i686-arm-none-eabi/bin/../lib/gcc/arm-none-eabi/11.2.1/thumb/v6-m/nofp/crt0.o (__libc_init_array)
c:/dev/tool/gcc-arm-11.2-2022.02-mingw-w64-i686-arm-none-eabi/gcc-arm-11.2-2022.02-mingw-w64-i686-arm-none-eabi/bin/../lib/gcc/arm-none-eabi/11.2.1/thumb/v6-m/nofp\libc_nano.a(lib_a-memset.o)
                              c:/dev/tool/gcc-arm-11.2-2022.02-mingw-w64-i686-arm-none-eabi/gcc-arm-11.2-2022.02-mingw-w64-i686-arm-none-eabi/bin/../lib/gcc/arm-none-eabi/11.2.1/thumb/v6-m/nofp/crt0.o (memset)
c:/dev/tool/gcc-arm-11.2-2022.02-mingw-w64-i686-arm-none-eabi/gcc-arm-11.2-2022.02-mingw-w64-i686-arm-none-eabi/bin/../lib/gcc/arm-none-eabi/11.2.1/thumb/v6-m/nofp\libnosys.a(_exit.o)
                              c:/dev/tool/gcc-arm-11.2-2022.02-mingw-w64-i686-arm-none-eabi/gcc-arm-11.2-2022.02-mingw-w64-i686-arm-none-eabi/bin/../lib/gcc/arm-none-eabi/11.2.1/thumb/v6-m/nofp\libc_nano.a(lib_a-exit.o) (_exit)
c:/dev/tool/gcc-arm-11.2-2022.02-mingw-w64-i686-arm-none-eabi/gcc-arm-11.2-2022.02-mingw-w64-i686-arm-none-eabi/bin/../lib/gcc/arm-none-eabi/11.2.1/thumb/v6-m/nofp\libgcc.a(_udivsi3.o)
                              build/stm32f0xx_hal_rcc.o (__aeabi_uidiv)
c:/dev/tool/gcc-arm-11.2-2022.02-mingw-w64-i686-arm-none-eabi/gcc-arm-11.2-2022.02-mingw-w64-i686-arm-none-eabi/bin/../lib/gcc/arm-none-eabi/11.2.1/thumb/v6-m/nofp\libgcc.a(_dvmd_tls.o)
                              c:/dev/tool/gcc-arm-11.2-2022.02-mingw-w64-i686-arm-none-eabi/gcc-arm-11.2-2022.02-mingw-w64-i686-arm-none-eabi/bin/../lib/gcc/arm-none-eabi/11.2.1/thumb/v6-m/nofp\libgcc.a(_udivsi3.o) (__aeabi_idiv0)

Discarded input sections

 .text          0x00000000        0x0 c:/dev/tool/gcc-arm-11.2-2022.02-mingw-w64-i686-arm-none-eabi/gcc-arm-11.2-2022.02-mingw-w64-i686-arm-none-eabi/bin/../lib/gcc/arm-none-eabi/11.2.1/thumb/v6-m/nofp/crti.o
 .data          0x00000000        0x0 c:/dev/tool/gcc-arm-11.2-2022.02-mingw-w64-i686-arm-none-eabi/gcc-arm-11.2-2022.02-mingw-w64-i686-arm-none-eabi/bin/../lib/gcc/arm-none-eabi/11.2.1/thumb/v6-m/nofp/crti.o
 .bss           0x00000000        0x0 c:/dev/tool/gcc-arm-11.2-2022.02-mingw-w64-i686-arm-none-eabi/gcc-arm-11.2-2022.02-mingw-w64-i686-arm-none-eabi/bin/../lib/gcc/arm-none-eabi/11.2.1/thumb/v6-m/nofp/crti.o
 .text          0x00000000        0x0 c:/dev/tool/gcc-arm-11.2-2022.02-mingw-w64-i686-arm-none-eabi/gcc-arm-11.2-2022.02-mingw-w64-i686-arm-none-eabi/bin/../lib/gcc/arm-none-eabi/11.2.1/thumb/v6-m/nofp/crtbegin.o
 .data          0x00000000        0x0 c:/dev/tool/gcc-arm-11.2-2022.02-mingw-w64-i686-arm-none-eabi/gcc-arm-11.2-2022.02-mingw-w64-i686-arm-none-eabi/bin/../lib/gcc/arm-none-eabi/11.2.1/thumb/v6-m/nofp/crtbegin.o
 .bss           0x00000000        0x0 c:/dev/tool/gcc-arm-11.2-2022.02-mingw-w64-i686-arm-none-eabi/gcc-arm-11.2-2022.02-mingw-w64-i686-arm-none-eabi/bin/../lib/gcc/arm-none-eabi/11.2.1/thumb/v6-m/nofp/crtbegin.o
 .rodata.all_implied_fbits
                0x00000000       0x24 c:/dev/tool/gcc-arm-11.2-2022.02-mingw-w64-i686-arm-none-eabi/gcc-arm-11.2-2022.02-mingw-w64-i686-arm-none-eabi/bin/../lib/gcc/arm-none-eabi/11.2.1/thumb/v6-m/nofp/crtbegin.o
 .data.__dso_handle
                0x00000000        0x4 c:/dev/tool/gcc-arm-11.2-2022.02-mingw-w64-i686-arm-none-eabi/gcc-arm-11.2-2022.02-mingw-w64-i686-arm-none-eabi/bin/../lib/gcc/arm-none-eabi/11.2.1/thumb/v6-m/nofp/crtbegin.o
 .text          0x00000000       0x80 c:/dev/tool/gcc-arm-11.2-2022.02-mingw-w64-i686-arm-none-eabi/gcc-arm-11.2-2022.02-mingw-w64-i686-arm-none-eabi/bin/../lib/gcc/arm-none-eabi/11.2.1/thumb/v6-m/nofp/crt0.o
 .data          0x00000000        0x0 c:/dev/tool/gcc-arm-11.2-2022.02-mingw-w64-i686-arm-none-eabi/gcc-arm-11.2-2022.02-mingw-w64-i686-arm-none-eabi/bin/../lib/gcc/arm-none-eabi/11.2.1/thumb/v6-m/nofp/crt0.o
[...]
Memory Configuration

Name             Origin             Length             Attributes
RAM              0x20000000         0x00002000         xrw
FLASH            0x08000000         0x00010000         xr
*default*        0x00000000         0xffffffff

Linker script and memory map

LOAD c:/dev/tool/gcc-arm-11.2-2022.02-mingw-w64-i686-arm-none-eabi/gcc-arm-11.2-2022.02-mingw-w64-i686-arm-none-eabi/bin/../lib/gcc/arm-none-eabi/11.2.1/thumb/v6-m/nofp/crti.o
LOAD c:/dev/tool/gcc-arm-11.2-2022.02-mingw-w64-i686-arm-none-eabi/gcc-arm-11.2-2022.02-mingw-w64-i686-arm-none-eabi/bin/../lib/gcc/arm-none-eabi/11.2.1/thumb/v6-m/nofp/crtbegin.o
LOAD c:/dev/tool/gcc-arm-11.2-2022.02-mingw-w64-i686-arm-none-eabi/gcc-arm-11.2-2022.02-mingw-w64-i686-arm-none-eabi/bin/../lib/gcc/arm-none-eabi/11.2.1/thumb/v6-m/nofp/crt0.o
LOAD build/main.o
LOAD build/stm32f0xx_it.o
LOAD build/stm32f0xx_hal_msp.o
LOAD build/stm32f0xx_hal_tim.o
LOAD build/stm32f0xx_hal_tim_ex.o
LOAD build/stm32f0xx_hal_rcc.o
LOAD build/stm32f0xx_hal_rcc_ex.o
LOAD build/stm32f0xx_hal.o
LOAD build/stm32f0xx_hal_i2c.o
LOAD build/stm32f0xx_hal_i2c_ex.o
LOAD build/stm32f0xx_hal_gpio.o
LOAD build/stm32f0xx_hal_dma.o
LOAD build/stm32f0xx_hal_cortex.o
LOAD build/stm32f0xx_hal_pwr.o
LOAD build/stm32f0xx_hal_pwr_ex.o
LOAD build/stm32f0xx_hal_flash.o
LOAD build/stm32f0xx_hal_flash_ex.o
LOAD build/stm32f0xx_hal_exti.o
LOAD build/system_stm32f0xx.o
LOAD build/startup_stm32f051x8.o
LOAD c:/dev/tool/gcc-arm-11.2-2022.02-mingw-w64-i686-arm-none-eabi/gcc-arm-11.2-2022.02-mingw-w64-i686-arm-none-eabi/bin/../lib/gcc/arm-none-eabi/11.2.1/thumb/v6-m/nofp\libc_nano.a
LOAD c:/dev/tool/gcc-arm-11.2-2022.02-mingw-w64-i686-arm-none-eabi/gcc-arm-11.2-2022.02-mingw-w64-i686-arm-none-eabi/bin/../lib/gcc/arm-none-eabi/11.2.1/thumb/v6-m/nofp\libm.a
LOAD c:/dev/tool/gcc-arm-11.2-2022.02-mingw-w64-i686-arm-none-eabi/gcc-arm-11.2-2022.02-mingw-w64-i686-arm-none-eabi/bin/../lib/gcc/arm-none-eabi/11.2.1/thumb/v6-m/nofp\libnosys.a
START GROUP
LOAD c:/dev/tool/gcc-arm-11.2-2022.02-mingw-w64-i686-arm-none-eabi/gcc-arm-11.2-2022.02-mingw-w64-i686-arm-none-eabi/bin/../lib/gcc/arm-none-eabi/11.2.1/thumb/v6-m/nofp\libgcc.a
LOAD c:/dev/tool/gcc-arm-11.2-2022.02-mingw-w64-i686-arm-none-eabi/gcc-arm-11.2-2022.02-mingw-w64-i686-arm-none-eabi/bin/../lib/gcc/arm-none-eabi/11.2.1/thumb/v6-m/nofp\libc_nano.a
END GROUP
START GROUP
LOAD c:/dev/tool/gcc-arm-11.2-2022.02-mingw-w64-i686-arm-none-eabi/gcc-arm-11.2-2022.02-mingw-w64-i686-arm-none-eabi/bin/../lib/gcc/arm-none-eabi/11.2.1/thumb/v6-m/nofp\libgcc.a
LOAD c:/dev/tool/gcc-arm-11.2-2022.02-mingw-w64-i686-arm-none-eabi/gcc-arm-11.2-2022.02-mingw-w64-i686-arm-none-eabi/bin/../lib/gcc/arm-none-eabi/11.2.1/thumb/v6-m/nofp\libc_nano.a
END GROUP
LOAD c:/dev/tool/gcc-arm-11.2-2022.02-mingw-w64-i686-arm-none-eabi/gcc-arm-11.2-2022.02-mingw-w64-i686-arm-none-eabi/bin/../lib/gcc/arm-none-eabi/11.2.1/thumb/v6-m/nofp/crtend.o
LOAD c:/dev/tool/gcc-arm-11.2-2022.02-mingw-w64-i686-arm-none-eabi/gcc-arm-11.2-2022.02-mingw-w64-i686-arm-none-eabi/bin/../lib/gcc/arm-none-eabi/11.2.1/thumb/v6-m/nofp/crtn.o
                0x20002000                _estack = (ORIGIN (RAM) + LENGTH (RAM))
                0x00000200                _Min_Heap_Size = 0x200
                0x00000400                _Min_Stack_Size = 0x400

.isr_vector     0x08000000       0xc0
                0x08000000                . = ALIGN (0x4)
 *(.isr_vector)
 .isr_vector    0x08000000       0xc0 build/startup_stm32f051x8.o
                0x08000000                g_pfnVectors
                0x080000c0                . = ALIGN (0x4)

.text           0x080000c0      0xcec
                0x080000c0                . = ALIGN (0x4)
 *(.text)
 .text          0x080000c0      0x114 c:/dev/tool/gcc-arm-11.2-2022.02-mingw-w64-i686-arm-none-eabi/gcc-arm-11.2-2022.02-mingw-w64-i686-arm-none-eabi/bin/../lib/gcc/arm-none-eabi/11.2.1/thumb/v6-m/nofp\libgcc.a(_udivsi3.o)
                0x080000c0                __aeabi_uidiv
                0x080000c0                __udivsi3
                0x080001cc                __aeabi_uidivmod
 .text          0x080001d4        0x4 c:/dev/tool/gcc-arm-11.2-2022.02-mingw-w64-i686-arm-none-eabi/gcc-arm-11.2-2022.02-mingw-w64-i686-arm-none-eabi/bin/../lib/gcc/arm-none-eabi/11.2.1/thumb/v6-m/nofp\libgcc.a(_dvmd_tls.o)
                0x080001d4                __aeabi_idiv0
                0x080001d4                __aeabi_ldiv0
 *(.text*)
 .text.deregister_tm_clones
                0x080001d8       0x20 c:/dev/tool/gcc-arm-11.2-2022.02-mingw-w64-i686-arm-none-eabi/gcc-arm-11.2-2022.02-mingw-w64-i686-arm-none-eabi/bin/../lib/gcc/arm-none-eabi/11.2.1/thumb/v6-m/nofp/crtbegin.o
 .text.register_tm_clones
                0x080001f8       0x28 c:/dev/tool/gcc-arm-11.2-2022.02-mingw-w64-i686-arm-none-eabi/gcc-arm-11.2-2022.02-mingw-w64-i686-arm-none-eabi/bin/../lib/gcc/arm-none-eabi/11.2.1/thumb/v6-m/nofp/crtbegin.o
 .text.__do_global_dtors_aux
                0x08000220       0x2c c:/dev/tool/gcc-arm-11.2-2022.02-mingw-w64-i686-arm-none-eabi/gcc-arm-11.2-2022.02-mingw-w64-i686-arm-none-eabi/bin/../lib/gcc/arm-none-eabi/11.2.1/thumb/v6-m/nofp/crtbegin.o
 .text.frame_dummy
                0x0800024c       0x24 c:/dev/tool/gcc-arm-11.2-2022.02-mingw-w64-i686-arm-none-eabi/gcc-arm-11.2-2022.02-mingw-w64-i686-arm-none-eabi/bin/../lib/gcc/arm-none-eabi/11.2.1/thumb/v6-m/nofp/crtbegin.o
 .text.MX_GPIO_Init
                0x08000270       0x78 build/main.o
 .text.Error_Handler
                0x080002e8        0x4 build/main.o
                0x080002e8                Error_Handler
 .text.SystemClock_Config
                0x080002ec       0x5c build/main.o
                0x080002ec                SystemClock_Config
 .text.main     0x08000348       0x28 build/main.o
                0x08000348                main
 .text.NMI_Handler
                0x08000370        0x2 build/stm32f0xx_it.o
                0x08000370                NMI_Handler
 .text.HardFault_Handler
                0x08000372        0x2 build/stm32f0xx_it.o
                0x08000372                HardFault_Handler
 .text.SVC_Handler
                0x08000374        0x2 build/stm32f0xx_it.o
                0x08000374                SVC_Handler
 .text.PendSV_Handler
                0x08000376        0x2 build/stm32f0xx_it.o
                0x08000376                PendSV_Handler
 .text.SysTick_Handler
                0x08000378        0x8 build/stm32f0xx_it.o
                0x08000378                SysTick_Handler
 .text.HAL_MspInit
                0x08000380       0x30 build/stm32f0xx_hal_msp.o
                0x08000380                HAL_MspInit
 .text.HAL_RCC_OscConfig
                0x080003b0      0x49c build/stm32f0xx_hal_rcc.o
                0x080003b0                HAL_RCC_OscConfig
 .text.HAL_RCC_GetSysClockFreq
                0x0800084c       0x70 build/stm32f0xx_hal_rcc.o
                0x0800084c                HAL_RCC_GetSysClockFreq
 .text.HAL_RCC_ClockConfig
                0x080008bc      0x134 build/stm32f0xx_hal_rcc.o
                0x080008bc                HAL_RCC_ClockConfig
 .text.HAL_InitTick
                0x080009f0       0x50 build/stm32f0xx_hal.o
                0x080009f0                HAL_InitTick
 .text.HAL_Init
                0x08000a40       0x20 build/stm32f0xx_hal.o
                0x08000a40                HAL_Init
 .text.HAL_IncTick
                0x08000a60       0x18 build/stm32f0xx_hal.o
                0x08000a60                HAL_IncTick
 .text.HAL_GetTick
                0x08000a78        0xc build/stm32f0xx_hal.o
                0x08000a78                HAL_GetTick
 .text.HAL_Delay
                0x08000a84       0x24 build/stm32f0xx_hal.o
                0x08000a84                HAL_Delay
 .text.HAL_GPIO_Init
                0x08000aa8      0x188 build/stm32f0xx_hal_gpio.o
                0x08000aa8                HAL_GPIO_Init
 .text.HAL_GPIO_WritePin
                0x08000c30        0xc build/stm32f0xx_hal_gpio.o
                0x08000c30                HAL_GPIO_WritePin
 .text.HAL_GPIO_TogglePin
                0x08000c3c       0x10 build/stm32f0xx_hal_gpio.o
                0x08000c3c                HAL_GPIO_TogglePin
 .text.HAL_NVIC_SetPriority
                0x08000c4c       0x60 build/stm32f0xx_hal_cortex.o
                0x08000c4c                HAL_NVIC_SetPriority
 .text.HAL_SYSTICK_Config
                0x08000cac       0x38 build/stm32f0xx_hal_cortex.o
                0x08000cac                HAL_SYSTICK_Config
 .text.SystemInit
                0x08000ce4        0x2 build/system_stm32f0xx.o
                0x08000ce4                SystemInit
 *fill*         0x08000ce6        0x2 
 .text.Reset_Handler
                0x08000ce8       0x50 build/startup_stm32f051x8.o
                0x08000ce8                Reset_Handler
 .text.Default_Handler
                0x08000d38        0x2 build/startup_stm32f051x8.o
                0x08000d38                TIM1_CC_IRQHandler
                0x08000d38                TSC_IRQHandler
                0x08000d38                ADC1_COMP_IRQHandler
                0x08000d38                PVD_IRQHandler
                0x08000d38                I2C1_IRQHandler
                0x08000d38                RCC_CRS_IRQHandler
                0x08000d38                SPI1_IRQHandler
                0x08000d38                TIM6_DAC_IRQHandler
                0x08000d38                EXTI2_3_IRQHandler
                0x08000d38                I2C2_IRQHandler
                0x08000d38                TIM17_IRQHandler
                0x08000d38                CEC_CAN_IRQHandler
                0x08000d38                RTC_IRQHandler
                0x08000d38                TIM16_IRQHandler
                0x08000d38                TIM3_IRQHandler
                0x08000d38                EXTI4_15_IRQHandler
                0x08000d38                DMA1_Channel1_IRQHandler
                0x08000d38                Default_Handler
                0x08000d38                TIM14_IRQHandler
                0x08000d38                DMA1_Channel4_5_IRQHandler
                0x08000d38                TIM15_IRQHandler
                0x08000d38                EXTI0_1_IRQHandler
                0x08000d38                SPI2_IRQHandler
                0x08000d38                WWDG_IRQHandler
                0x08000d38                TIM2_IRQHandler
                0x08000d38                DMA1_Channel2_3_IRQHandler
                0x08000d38                USART2_IRQHandler
                0x08000d38                FLASH_IRQHandler
                0x08000d38                USART1_IRQHandler
                0x08000d38                TIM1_BRK_UP_TRG_COM_IRQHandler
 *fill*         0x08000d3a        0x2 
 .text.__libc_init_array
                0x08000d3c       0x48 c:/dev/tool/gcc-arm-11.2-2022.02-mingw-w64-i686-arm-none-eabi/gcc-arm-11.2-2022.02-mingw-w64-i686-arm-none-eabi/bin/../lib/gcc/arm-none-eabi/11.2.1/thumb/v6-m/nofp\libc_nano.a(lib_a-init.o)
                0x08000d3c                __libc_init_array
 .text.memset   0x08000d84       0x10 c:/dev/tool/gcc-arm-11.2-2022.02-mingw-w64-i686-arm-none-eabi/gcc-arm-11.2-2022.02-mingw-w64-i686-arm-none-eabi/bin/../lib/gcc/arm-none-eabi/11.2.1/thumb/v6-m/nofp\libc_nano.a(lib_a-memset.o)
                0x08000d84                memset
 *(.glue_7)
 .glue_7        0x08000d94        0x0 linker stubs
 *(.glue_7t)
 .glue_7t       0x08000d94        0x0 linker stubs
 *(.eh_frame)
 .eh_frame      0x08000d94        0x0 c:/dev/tool/gcc-arm-11.2-2022.02-mingw-w64-i686-arm-none-eabi/gcc-arm-11.2-2022.02-mingw-w64-i686-arm-none-eabi/bin/../lib/gcc/arm-none-eabi/11.2.1/thumb/v6-m/nofp/crtbegin.o
 *(.init)
 .init          0x08000d94        0x4 c:/dev/tool/gcc-arm-11.2-2022.02-mingw-w64-i686-arm-none-eabi/gcc-arm-11.2-2022.02-mingw-w64-i686-arm-none-eabi/bin/../lib/gcc/arm-none-eabi/11.2.1/thumb/v6-m/nofp/crti.o
                0x08000d94                _init
 .init          0x08000d98        0x8 c:/dev/tool/gcc-arm-11.2-2022.02-mingw-w64-i686-arm-none-eabi/gcc-arm-11.2-2022.02-mingw-w64-i686-arm-none-eabi/bin/../lib/gcc/arm-none-eabi/11.2.1/thumb/v6-m/nofp/crtn.o
 *(.fini)
 .fini          0x08000da0        0x4 c:/dev/tool/gcc-arm-11.2-2022.02-mingw-w64-i686-arm-none-eabi/gcc-arm-11.2-2022.02-mingw-w64-i686-arm-none-eabi/bin/../lib/gcc/arm-none-eabi/11.2.1/thumb/v6-m/nofp/crti.o
                0x08000da0                _fini
 .fini          0x08000da4        0x8 c:/dev/tool/gcc-arm-11.2-2022.02-mingw-w64-i686-arm-none-eabi/gcc-arm-11.2-2022.02-mingw-w64-i686-arm-none-eabi/bin/../lib/gcc/arm-none-eabi/11.2.1/thumb/v6-m/nofp/crtn.o
                0x08000dac                . = ALIGN (0x4)
                0x08000dac                _etext = .

.vfp11_veneer   0x08000dac        0x0
 .vfp11_veneer  0x08000dac        0x0 linker stubs

.v4_bx          0x08000dac        0x0
 .v4_bx         0x08000dac        0x0 linker stubs

.iplt           0x08000dac        0x0
 .iplt          0x08000dac        0x0 c:/dev/tool/gcc-arm-11.2-2022.02-mingw-w64-i686-arm-none-eabi/gcc-arm-11.2-2022.02-mingw-w64-i686-arm-none-eabi/bin/../lib/gcc/arm-none-eabi/11.2.1/thumb/v6-m/nofp/crtbegin.o

.rodata         0x08000dac       0x38
                0x08000dac                . = ALIGN (0x4)
 *(.rodata)
 *(.rodata*)
 .rodata.HAL_RCC_GetSysClockFreq.str1.4
                0x08000dac       0x25 build/stm32f0xx_hal_rcc.o
 *fill*         0x08000dd1        0x3 
 .rodata.AHBPrescTable
                0x08000dd4       0x10 build/system_stm32f0xx.o
                0x08000dd4                AHBPrescTable
                0x08000de4                . = ALIGN (0x4)

.rel.dyn        0x08000de4        0x0
 .rel.iplt      0x08000de4        0x0 c:/dev/tool/gcc-arm-11.2-2022.02-mingw-w64-i686-arm-none-eabi/gcc-arm-11.2-2022.02-mingw-w64-i686-arm-none-eabi/bin/../lib/gcc/arm-none-eabi/11.2.1/thumb/v6-m/nofp/crtbegin.o

.ARM.extab
 *(.ARM.extab* .gnu.linkonce.armextab.*)

.ARM            0x08000de4        0x0
                0x08000de4                __exidx_start = .
 *(.ARM.exidx*)
                0x08000de4                __exidx_end = .

.preinit_array  0x08000de4        0x0
                0x08000de4                PROVIDE (__preinit_array_start = .)
 *(.preinit_array*)
                0x08000de4                PROVIDE (__preinit_array_end = .)

.init_array     0x08000de4        0x4
                0x08000de4                PROVIDE (__init_array_start = .)
 *(SORT_BY_NAME(.init_array.*))
 *(.init_array*)
 .init_array    0x08000de4        0x4 c:/dev/tool/gcc-arm-11.2-2022.02-mingw-w64-i686-arm-none-eabi/gcc-arm-11.2-2022.02-mingw-w64-i686-arm-none-eabi/bin/../lib/gcc/arm-none-eabi/11.2.1/thumb/v6-m/nofp/crtbegin.o
                0x08000de8                PROVIDE (__init_array_end = .)

.fini_array     0x08000de8        0x4
                [!provide]                PROVIDE (__fini_array_start = .)
 *(SORT_BY_NAME(.fini_array.*))
 *(.fini_array*)
 .fini_array    0x08000de8        0x4 c:/dev/tool/gcc-arm-11.2-2022.02-mingw-w64-i686-arm-none-eabi/gcc-arm-11.2-2022.02-mingw-w64-i686-arm-none-eabi/bin/../lib/gcc/arm-none-eabi/11.2.1/thumb/v6-m/nofp/crtbegin.o
                [!provide]                PROVIDE (__fini_array_end = .)
                0x08000dec                _sidata = LOADADDR (.data)

.data           0x20000000        0xc load address 0x08000dec
                0x20000000                . = ALIGN (0x4)
                0x20000000                _sdata = .
 *(.data)
 *(.data*)
 .data.uwTickFreq
                0x20000000        0x1 build/stm32f0xx_hal.o
                0x20000000                uwTickFreq
 *fill*         0x20000001        0x3 
 .data.uwTickPrio
                0x20000004        0x4 build/stm32f0xx_hal.o
                0x20000004                uwTickPrio
 .data.SystemCoreClock
                0x20000008        0x4 build/system_stm32f0xx.o
                0x20000008                SystemCoreClock
                0x2000000c                . = ALIGN (0x4)
                0x2000000c                _edata = .

.tm_clone_table
                0x2000000c        0x0 load address 0x08000df8
 .tm_clone_table
                0x2000000c        0x0 c:/dev/tool/gcc-arm-11.2-2022.02-mingw-w64-i686-arm-none-eabi/gcc-arm-11.2-2022.02-mingw-w64-i686-arm-none-eabi/bin/../lib/gcc/arm-none-eabi/11.2.1/thumb/v6-m/nofp/crtbegin.o
 .tm_clone_table
                0x2000000c        0x0 c:/dev/tool/gcc-arm-11.2-2022.02-mingw-w64-i686-arm-none-eabi/gcc-arm-11.2-2022.02-mingw-w64-i686-arm-none-eabi/bin/../lib/gcc/arm-none-eabi/11.2.1/thumb/v6-m/nofp/crtend.o

.igot.plt       0x2000000c        0x0 load address 0x08000df8
 .igot.plt      0x2000000c        0x0 c:/dev/tool/gcc-arm-11.2-2022.02-mingw-w64-i686-arm-none-eabi/gcc-arm-11.2-2022.02-mingw-w64-i686-arm-none-eabi/bin/../lib/gcc/arm-none-eabi/11.2.1/thumb/v6-m/nofp/crtbegin.o
                0x2000000c                . = ALIGN (0x4)

.bss            0x2000000c       0x20 load address 0x08000df8
                0x2000000c                _sbss = .
                0x2000000c                __bss_start__ = _sbss
 *(.bss)
 *(.bss*)
 .bss.completed.1
                0x2000000c        0x1 c:/dev/tool/gcc-arm-11.2-2022.02-mingw-w64-i686-arm-none-eabi/gcc-arm-11.2-2022.02-mingw-w64-i686-arm-none-eabi/bin/../lib/gcc/arm-none-eabi/11.2.1/thumb/v6-m/nofp/crtbegin.o
 *fill*         0x2000000d        0x3 
 .bss.object.0  0x20000010       0x18 c:/dev/tool/gcc-arm-11.2-2022.02-mingw-w64-i686-arm-none-eabi/gcc-arm-11.2-2022.02-mingw-w64-i686-arm-none-eabi/bin/../lib/gcc/arm-none-eabi/11.2.1/thumb/v6-m/nofp/crtbegin.o
 .bss.uwTick    0x20000028        0x4 build/stm32f0xx_hal.o
                0x20000028                uwTick
 *(COMMON)
                0x2000002c                . = ALIGN (0x4)
                0x2000002c                _ebss = .
                0x2000002c                __bss_end__ = _ebss

._user_heap_stack
                0x2000002c      0x604 load address 0x08000df8
                0x20000030                . = ALIGN (0x8)
 *fill*         0x2000002c        0x4 
                [!provide]                PROVIDE (end = .)
                [!provide]                PROVIDE (_end = .)
                0x20000230                . = (. + _Min_Heap_Size)
 *fill*         0x20000030      0x200 
                0x20000630                . = (. + _Min_Stack_Size)
 *fill*         0x20000230      0x400 
                0x20000630                . = ALIGN (0x8)

/DISCARD/
 libc.a(*)
 libm.a(*)
 libgcc.a(*)

.ARM.attributes
                0x00000000       0x28
 *(.ARM.attributes)
 .ARM.attributes
                0x00000000       0x1e c:/dev/tool/gcc-arm-11.2-2022.02-mingw-w64-i686-arm-none-eabi/gcc-arm-11.2-2022.02-mingw-w64-i686-arm-none-eabi/bin/../lib/gcc/arm-none-eabi/11.2.1/thumb/v6-m/nofp/crti.o
 .ARM.attributes
                0x0000001e       0x2c c:/dev/tool/gcc-arm-11.2-2022.02-mingw-w64-i686-arm-none-eabi/gcc-arm-11.2-2022.02-mingw-w64-i686-arm-none-eabi/bin/../lib/gcc/arm-none-eabi/11.2.1/thumb/v6-m/nofp/crtbegin.o
 .ARM.attributes
                0x0000004a       0x2c build/main.o
 .ARM.attributes
                0x00000076       0x2c build/stm32f0xx_it.o
 .ARM.attributes
                0x000000a2       0x2c build/stm32f0xx_hal_msp.o
 .ARM.attributes
                0x000000ce       0x2c build/stm32f0xx_hal_rcc.o
 .ARM.attributes
                0x000000fa       0x2c build/stm32f0xx_hal.o
 .ARM.attributes
                0x00000126       0x2c build/stm32f0xx_hal_gpio.o
 .ARM.attributes
                0x00000152       0x2c build/stm32f0xx_hal_cortex.o
 .ARM.attributes
                0x0000017e       0x2c build/system_stm32f0xx.o
 .ARM.attributes
                0x000001aa       0x21 build/startup_stm32f051x8.o
 .ARM.attributes
                0x000001cb       0x2c c:/dev/tool/gcc-arm-11.2-2022.02-mingw-w64-i686-arm-none-eabi/gcc-arm-11.2-2022.02-mingw-w64-i686-arm-none-eabi/bin/../lib/gcc/arm-none-eabi/11.2.1/thumb/v6-m/nofp\libc_nano.a(lib_a-init.o)
 .ARM.attributes
                0x000001f7       0x2c c:/dev/tool/gcc-arm-11.2-2022.02-mingw-w64-i686-arm-none-eabi/gcc-arm-11.2-2022.02-mingw-w64-i686-arm-none-eabi/bin/../lib/gcc/arm-none-eabi/11.2.1/thumb/v6-m/nofp\libc_nano.a(lib_a-memset.o)
 .ARM.attributes
                0x00000223       0x1e c:/dev/tool/gcc-arm-11.2-2022.02-mingw-w64-i686-arm-none-eabi/gcc-arm-11.2-2022.02-mingw-w64-i686-arm-none-eabi/bin/../lib/gcc/arm-none-eabi/11.2.1/thumb/v6-m/nofp\libgcc.a(_udivsi3.o)
 .ARM.attributes
                0x00000241       0x1e c:/dev/tool/gcc-arm-11.2-2022.02-mingw-w64-i686-arm-none-eabi/gcc-arm-11.2-2022.02-mingw-w64-i686-arm-none-eabi/bin/../lib/gcc/arm-none-eabi/11.2.1/thumb/v6-m/nofp\libgcc.a(_dvmd_tls.o)
 .ARM.attributes
                0x0000025f       0x2c c:/dev/tool/gcc-arm-11.2-2022.02-mingw-w64-i686-arm-none-eabi/gcc-arm-11.2-2022.02-mingw-w64-i686-arm-none-eabi/bin/../lib/gcc/arm-none-eabi/11.2.1/thumb/v6-m/nofp/crtend.o
 .ARM.attributes
                0x0000028b       0x1e c:/dev/tool/gcc-arm-11.2-2022.02-mingw-w64-i686-arm-none-eabi/gcc-arm-11.2-2022.02-mingw-w64-i686-arm-none-eabi/bin/../lib/gcc/arm-none-eabi/11.2.1/thumb/v6-m/nofp/crtn.o
OUTPUT(build/make_test.elf elf32-littlearm)
LOAD linker stubs
LOAD c:/dev/tool/gcc-arm-11.2-2022.02-mingw-w64-i686-arm-none-eabi/gcc-arm-11.2-2022.02-mingw-w64-i686-arm-none-eabi/bin/../lib/gcc/arm-none-eabi/11.2.1/thumb/v6-m/nofp\libc.a
LOAD c:/dev/tool/gcc-arm-11.2-2022.02-mingw-w64-i686-arm-none-eabi/gcc-arm-11.2-2022.02-mingw-w64-i686-arm-none-eabi/bin/../lib/gcc/arm-none-eabi/11.2.1/thumb/v6-m/nofp\libm.a
LOAD c:/dev/tool/gcc-arm-11.2-2022.02-mingw-w64-i686-arm-none-eabi/gcc-arm-11.2-2022.02-mingw-w64-i686-arm-none-eabi/bin/../lib/gcc/arm-none-eabi/11.2.1/thumb/v6-m/nofp\libgcc.a

.comment        0x00000000       0x57
 .comment       0x00000000       0x57 c:/dev/tool/gcc-arm-11.2-2022.02-mingw-w64-i686-arm-none-eabi/gcc-arm-11.2-2022.02-mingw-w64-i686-arm-none-eabi/bin/../lib/gcc/arm-none-eabi/11.2.1/thumb/v6-m/nofp/crtbegin.o
                                 0x58 (size before relaxing)
 .comment       0x00000057       0x58 build/main.o
 .comment       0x00000057       0x58 build/stm32f0xx_it.o
 .comment       0x00000057       0x58 build/stm32f0xx_hal_msp.o
 .comment       0x00000057       0x58 build/stm32f0xx_hal_rcc.o
 .comment       0x00000057       0x58 build/stm32f0xx_hal.o
 .comment       0x00000057       0x58 build/stm32f0xx_hal_gpio.o
 .comment       0x00000057       0x58 build/stm32f0xx_hal_cortex.o
 .comment       0x00000057       0x58 build/system_stm32f0xx.o
 .comment       0x00000057       0x58 c:/dev/tool/gcc-arm-11.2-2022.02-mingw-w64-i686-arm-none-eabi/gcc-arm-11.2-2022.02-mingw-w64-i686-arm-none-eabi/bin/../lib/gcc/arm-none-eabi/11.2.1/thumb/v6-m/nofp\libc_nano.a(lib_a-init.o)
 .comment       0x00000057       0x58 c:/dev/tool/gcc-arm-11.2-2022.02-mingw-w64-i686-arm-none-eabi/gcc-arm-11.2-2022.02-mingw-w64-i686-arm-none-eabi/bin/../lib/gcc/arm-none-eabi/11.2.1/thumb/v6-m/nofp\libc_nano.a(lib_a-memset.o)
 .comment       0x00000057       0x58 c:/dev/tool/gcc-arm-11.2-2022.02-mingw-w64-i686-arm-none-eabi/gcc-arm-11.2-2022.02-mingw-w64-i686-arm-none-eabi/bin/../lib/gcc/arm-none-eabi/11.2.1/thumb/v6-m/nofp/crtend.o

.debug_info     0x00000000     0x328a
 .debug_info    0x00000000      0x777 build/main.o
 .debug_info    0x00000777      0x100 build/stm32f0xx_it.o
 .debug_info    0x00000877      0x1d9 build/stm32f0xx_hal_msp.o
 .debug_info    0x00000a50      0xb5e build/stm32f0xx_hal_rcc.o
 .debug_info    0x000015ae      0x833 build/stm32f0xx_hal.o
 .debug_info    0x00001de1      0x6d3 build/stm32f0xx_hal_gpio.o
 .debug_info    0x000024b4      0x8c4 build/stm32f0xx_hal_cortex.o
 .debug_info    0x00002d78      0x2bc build/system_stm32f0xx.o
 .debug_info    0x00003034       0x22 build/startup_stm32f051x8.o
 .debug_info    0x00003056      0x10b c:/dev/tool/gcc-arm-11.2-2022.02-mingw-w64-i686-arm-none-eabi/gcc-arm-11.2-2022.02-mingw-w64-i686-arm-none-eabi/bin/../lib/gcc/arm-none-eabi/11.2.1/thumb/v6-m/nofp\libc_nano.a(lib_a-init.o)
 .debug_info    0x00003161       0xe0 c:/dev/tool/gcc-arm-11.2-2022.02-mingw-w64-i686-arm-none-eabi/gcc-arm-11.2-2022.02-mingw-w64-i686-arm-none-eabi/bin/../lib/gcc/arm-none-eabi/11.2.1/thumb/v6-m/nofp\libc_nano.a(lib_a-memset.o)
 .debug_info    0x00003241       0x25 c:/dev/tool/gcc-arm-11.2-2022.02-mingw-w64-i686-arm-none-eabi/gcc-arm-11.2-2022.02-mingw-w64-i686-arm-none-eabi/bin/../lib/gcc/arm-none-eabi/11.2.1/thumb/v6-m/nofp\libgcc.a(_udivsi3.o)
 .debug_info    0x00003266       0x24 c:/dev/tool/gcc-arm-11.2-2022.02-mingw-w64-i686-arm-none-eabi/gcc-arm-11.2-2022.02-mingw-w64-i686-arm-none-eabi/bin/../lib/gcc/arm-none-eabi/11.2.1/thumb/v6-m/nofp\libgcc.a(_dvmd_tls.o)

.debug_abbrev   0x00000000     0x1025
 .debug_abbrev  0x00000000      0x226 build/main.o
 .debug_abbrev  0x00000226       0x80 build/stm32f0xx_it.o
 .debug_abbrev  0x000002a6       0xc1 build/stm32f0xx_hal_msp.o
 .debug_abbrev  0x00000367      0x2b4 build/stm32f0xx_hal_rcc.o
 .debug_abbrev  0x0000061b      0x268 build/stm32f0xx_hal.o
 .debug_abbrev  0x00000883      0x222 build/stm32f0xx_hal_gpio.o
 .debug_abbrev  0x00000aa5      0x2ab build/stm32f0xx_hal_cortex.o
 .debug_abbrev  0x00000d50      0x134 build/system_stm32f0xx.o
 .debug_abbrev  0x00000e84       0x12 build/startup_stm32f051x8.o
 .debug_abbrev  0x00000e96       0xc9 c:/dev/tool/gcc-arm-11.2-2022.02-mingw-w64-i686-arm-none-eabi/gcc-arm-11.2-2022.02-mingw-w64-i686-arm-none-eabi/bin/../lib/gcc/arm-none-eabi/11.2.1/thumb/v6-m/nofp\libc_nano.a(lib_a-init.o)
 .debug_abbrev  0x00000f5f       0x9e c:/dev/tool/gcc-arm-11.2-2022.02-mingw-w64-i686-arm-none-eabi/gcc-arm-11.2-2022.02-mingw-w64-i686-arm-none-eabi/bin/../lib/gcc/arm-none-eabi/11.2.1/thumb/v6-m/nofp\libc_nano.a(lib_a-memset.o)
 .debug_abbrev  0x00000ffd       0x14 c:/dev/tool/gcc-arm-11.2-2022.02-mingw-w64-i686-arm-none-eabi/gcc-arm-11.2-2022.02-mingw-w64-i686-arm-none-eabi/bin/../lib/gcc/arm-none-eabi/11.2.1/thumb/v6-m/nofp\libgcc.a(_udivsi3.o)
 .debug_abbrev  0x00001011       0x14 c:/dev/tool/gcc-arm-11.2-2022.02-mingw-w64-i686-arm-none-eabi/gcc-arm-11.2-2022.02-mingw-w64-i686-arm-none-eabi/bin/../lib/gcc/arm-none-eabi/11.2.1/thumb/v6-m/nofp\libgcc.a(_dvmd_tls.o)

.debug_loc      0x00000000     0x1403
 .debug_loc     0x00000000       0x79 build/main.o
 .debug_loc     0x00000079       0x20 build/stm32f0xx_it.o
 .debug_loc     0x00000099       0x20 build/stm32f0xx_hal_msp.o
 .debug_loc     0x000000b9      0x738 build/stm32f0xx_hal_rcc.o
 .debug_loc     0x000007f1      0x1e1 build/stm32f0xx_hal.o
 .debug_loc     0x000009d2      0x44a build/stm32f0xx_hal_gpio.o
 .debug_loc     0x00000e1c      0x473 build/stm32f0xx_hal_cortex.o
 .debug_loc     0x0000128f      0x174 build/system_stm32f0xx.o

.debug_aranges  0x00000000      0x388
 .debug_aranges
                0x00000000       0x38 build/main.o
 .debug_aranges
                0x00000038       0x40 build/stm32f0xx_it.o
 .debug_aranges
                0x00000078       0x20 build/stm32f0xx_hal_msp.o
 .debug_aranges
                0x00000098       0x80 build/stm32f0xx_hal_rcc.o
 .debug_aranges
                0x00000118       0xd0 build/stm32f0xx_hal.o
 .debug_aranges
                0x000001e8       0x58 build/stm32f0xx_hal_gpio.o
 .debug_aranges
                0x00000240       0x78 build/stm32f0xx_hal_cortex.o
 .debug_aranges
                0x000002b8       0x28 build/system_stm32f0xx.o
 .debug_aranges
                0x000002e0       0x28 build/startup_stm32f051x8.o
 .debug_aranges
                0x00000308       0x20 c:/dev/tool/gcc-arm-11.2-2022.02-mingw-w64-i686-arm-none-eabi/gcc-arm-11.2-2022.02-mingw-w64-i686-arm-none-eabi/bin/../lib/gcc/arm-none-eabi/11.2.1/thumb/v6-m/nofp\libc_nano.a(lib_a-init.o)
 .debug_aranges
                0x00000328       0x20 c:/dev/tool/gcc-arm-11.2-2022.02-mingw-w64-i686-arm-none-eabi/gcc-arm-11.2-2022.02-mingw-w64-i686-arm-none-eabi/bin/../lib/gcc/arm-none-eabi/11.2.1/thumb/v6-m/nofp\libc_nano.a(lib_a-memset.o)
 .debug_aranges
                0x00000348       0x20 c:/dev/tool/gcc-arm-11.2-2022.02-mingw-w64-i686-arm-none-eabi/gcc-arm-11.2-2022.02-mingw-w64-i686-arm-none-eabi/bin/../lib/gcc/arm-none-eabi/11.2.1/thumb/v6-m/nofp\libgcc.a(_udivsi3.o)
 .debug_aranges
                0x00000368       0x20 c:/dev/tool/gcc-arm-11.2-2022.02-mingw-w64-i686-arm-none-eabi/gcc-arm-11.2-2022.02-mingw-w64-i686-arm-none-eabi/bin/../lib/gcc/arm-none-eabi/11.2.1/thumb/v6-m/nofp\libgcc.a(_dvmd_tls.o)

.debug_ranges   0x00000000      0x2f8
 .debug_ranges  0x00000000       0x28 build/main.o
 .debug_ranges  0x00000028       0x30 build/stm32f0xx_it.o
 .debug_ranges  0x00000058       0x10 build/stm32f0xx_hal_msp.o
 .debug_ranges  0x00000068       0x88 build/stm32f0xx_hal_rcc.o
 .debug_ranges  0x000000f0       0xc0 build/stm32f0xx_hal.o
 .debug_ranges  0x000001b0       0x48 build/stm32f0xx_hal_gpio.o
 .debug_ranges  0x000001f8       0xc8 build/stm32f0xx_hal_cortex.o
 .debug_ranges  0x000002c0       0x18 build/system_stm32f0xx.o
 .debug_ranges  0x000002d8       0x20 build/startup_stm32f051x8.o

.debug_line     0x00000000     0x2ad9
 .debug_line    0x00000000      0x3a7 build/main.o
 .debug_line    0x000003a7       0xf5 build/stm32f0xx_it.o
 .debug_line    0x0000049c      0x1d4 build/stm32f0xx_hal_msp.o
 .debug_line    0x00000670      0xc03 build/stm32f0xx_hal_rcc.o
 .debug_line    0x00001273      0x56e build/stm32f0xx_hal.o
 .debug_line    0x000017e1      0x6f1 build/stm32f0xx_hal_gpio.o
 .debug_line    0x00001ed2      0x57a build/stm32f0xx_hal_cortex.o
 .debug_line    0x0000244c      0x28b build/system_stm32f0xx.o
 .debug_line    0x000026d7       0x77 build/startup_stm32f051x8.o
 .debug_line    0x0000274e      0x17b c:/dev/tool/gcc-arm-11.2-2022.02-mingw-w64-i686-arm-none-eabi/gcc-arm-11.2-2022.02-mingw-w64-i686-arm-none-eabi/bin/../lib/gcc/arm-none-eabi/11.2.1/thumb/v6-m/nofp\libc_nano.a(lib_a-init.o)
 .debug_line    0x000028c9      0x170 c:/dev/tool/gcc-arm-11.2-2022.02-mingw-w64-i686-arm-none-eabi/gcc-arm-11.2-2022.02-mingw-w64-i686-arm-none-eabi/bin/../lib/gcc/arm-none-eabi/11.2.1/thumb/v6-m/nofp\libc_nano.a(lib_a-memset.o)
 .debug_line    0x00002a39       0x56 c:/dev/tool/gcc-arm-11.2-2022.02-mingw-w64-i686-arm-none-eabi/gcc-arm-11.2-2022.02-mingw-w64-i686-arm-none-eabi/bin/../lib/gcc/arm-none-eabi/11.2.1/thumb/v6-m/nofp\libgcc.a(_udivsi3.o)
 .debug_line    0x00002a8f       0x4a c:/dev/tool/gcc-arm-11.2-2022.02-mingw-w64-i686-arm-none-eabi/gcc-arm-11.2-2022.02-mingw-w64-i686-arm-none-eabi/bin/../lib/gcc/arm-none-eabi/11.2.1/thumb/v6-m/nofp\libgcc.a(_dvmd_tls.o)

.debug_str      0x00000000     0x1288
 .debug_str     0x00000000      0x41d build/main.o
                                0x46f (size before relaxing)
 .debug_str     0x0000041d       0x6d build/stm32f0xx_it.o
                                0x19c (size before relaxing)
 .debug_str     0x0000048a       0x29 build/stm32f0xx_hal_msp.o
                                0x1c6 (size before relaxing)
 .debug_str     0x000004b3      0x269 build/stm32f0xx_hal_rcc.o
                                0x622 (size before relaxing)
 .debug_str     0x0000071c      0x423 build/stm32f0xx_hal.o
                                0x6a3 (size before relaxing)
 .debug_str     0x00000b3f      0x102 build/stm32f0xx_hal_gpio.o
                                0x3c1 (size before relaxing)
 .debug_str     0x00000c41      0x288 build/stm32f0xx_hal_cortex.o
                                0x5e4 (size before relaxing)
 .debug_str     0x00000ec9       0x5c build/system_stm32f0xx.o
                                0x23e (size before relaxing)
 .debug_str     0x00000f25       0x22 build/startup_stm32f051x8.o
                                 0x3b (size before relaxing)
 .debug_str     0x00000f47      0x1db c:/dev/tool/gcc-arm-11.2-2022.02-mingw-w64-i686-arm-none-eabi/gcc-arm-11.2-2022.02-mingw-w64-i686-arm-none-eabi/bin/../lib/gcc/arm-none-eabi/11.2.1/thumb/v6-m/nofp\libc_nano.a(lib_a-init.o)
                                0x270 (size before relaxing)
 .debug_str     0x00001122       0xe4 c:/dev/tool/gcc-arm-11.2-2022.02-mingw-w64-i686-arm-none-eabi/gcc-arm-11.2-2022.02-mingw-w64-i686-arm-none-eabi/bin/../lib/gcc/arm-none-eabi/11.2.1/thumb/v6-m/nofp\libc_nano.a(lib_a-memset.o)
                                0x211 (size before relaxing)
 .debug_str     0x00001206       0x82 c:/dev/tool/gcc-arm-11.2-2022.02-mingw-w64-i686-arm-none-eabi/gcc-arm-11.2-2022.02-mingw-w64-i686-arm-none-eabi/bin/../lib/gcc/arm-none-eabi/11.2.1/thumb/v6-m/nofp\libgcc.a(_udivsi3.o)
                                 0x8e (size before relaxing)
 .debug_str     0x00001288       0x8e c:/dev/tool/gcc-arm-11.2-2022.02-mingw-w64-i686-arm-none-eabi/gcc-arm-11.2-2022.02-mingw-w64-i686-arm-none-eabi/bin/../lib/gcc/arm-none-eabi/11.2.1/thumb/v6-m/nofp\libgcc.a(_dvmd_tls.o)

.debug_frame    0x00000000      0x628
 .debug_frame   0x00000000       0x70 build/main.o
 .debug_frame   0x00000070       0x68 build/stm32f0xx_it.o
 .debug_frame   0x000000d8       0x24 build/stm32f0xx_hal_msp.o
 .debug_frame   0x000000fc      0x138 build/stm32f0xx_hal_rcc.o
 .debug_frame   0x00000234      0x1ac build/stm32f0xx_hal.o
 .debug_frame   0x000003e0       0xc0 build/stm32f0xx_hal_gpio.o
 .debug_frame   0x000004a0       0xe4 build/stm32f0xx_hal_cortex.o
 .debug_frame   0x00000584       0x38 build/system_stm32f0xx.o
 .debug_frame   0x000005bc       0x2c c:/dev/tool/gcc-arm-11.2-2022.02-mingw-w64-i686-arm-none-eabi/gcc-arm-11.2-2022.02-mingw-w64-i686-arm-none-eabi/bin/../lib/gcc/arm-none-eabi/11.2.1/thumb/v6-m/nofp\libc_nano.a(lib_a-init.o)
 .debug_frame   0x000005e8       0x20 c:/dev/tool/gcc-arm-11.2-2022.02-mingw-w64-i686-arm-none-eabi/gcc-arm-11.2-2022.02-mingw-w64-i686-arm-none-eabi/bin/../lib/gcc/arm-none-eabi/11.2.1/thumb/v6-m/nofp\libc_nano.a(lib_a-memset.o)
 .debug_frame   0x00000608       0x20 c:/dev/tool/gcc-arm-11.2-2022.02-mingw-w64-i686-arm-none-eabi/gcc-arm-11.2-2022.02-mingw-w64-i686-arm-none-eabi/bin/../lib/gcc/arm-none-eabi/11.2.1/thumb/v6-m/nofp\libgcc.a(_udivsi3.o)

.debug_loclists
                0x00000000       0xb0
 .debug_loclists
                0x00000000       0x42 c:/dev/tool/gcc-arm-11.2-2022.02-mingw-w64-i686-arm-none-eabi/gcc-arm-11.2-2022.02-mingw-w64-i686-arm-none-eabi/bin/../lib/gcc/arm-none-eabi/11.2.1/thumb/v6-m/nofp\libc_nano.a(lib_a-init.o)
 .debug_loclists
                0x00000042       0x6e c:/dev/tool/gcc-arm-11.2-2022.02-mingw-w64-i686-arm-none-eabi/gcc-arm-11.2-2022.02-mingw-w64-i686-arm-none-eabi/bin/../lib/gcc/arm-none-eabi/11.2.1/thumb/v6-m/nofp\libc_nano.a(lib_a-memset.o)

.debug_rnglists
                0x00000000       0x26
 .debug_rnglists
                0x00000000       0x13 c:/dev/tool/gcc-arm-11.2-2022.02-mingw-w64-i686-arm-none-eabi/gcc-arm-11.2-2022.02-mingw-w64-i686-arm-none-eabi/bin/../lib/gcc/arm-none-eabi/11.2.1/thumb/v6-m/nofp\libc_nano.a(lib_a-init.o)
 .debug_rnglists
                0x00000013       0x13 c:/dev/tool/gcc-arm-11.2-2022.02-mingw-w64-i686-arm-none-eabi/gcc-arm-11.2-2022.02-mingw-w64-i686-arm-none-eabi/bin/../lib/gcc/arm-none-eabi/11.2.1/thumb/v6-m/nofp\libc_nano.a(lib_a-memset.o)

.debug_line_str
                0x00000000       0x53
 .debug_line_str
                0x00000000       0x53 c:/dev/tool/gcc-arm-11.2-2022.02-mingw-w64-i686-arm-none-eabi/gcc-arm-11.2-2022.02-mingw-w64-i686-arm-none-eabi/bin/../lib/gcc/arm-none-eabi/11.2.1/thumb/v6-m/nofp\libgcc.a(_udivsi3.o)
                                 0xa6 (size before relaxing)
 .debug_line_str
                0x00000053       0xa6 c:/dev/tool/gcc-arm-11.2-2022.02-mingw-w64-i686-arm-none-eabi/gcc-arm-11.2-2022.02-mingw-w64-i686-arm-none-eabi/bin/../lib/gcc/arm-none-eabi/11.2.1/thumb/v6-m/nofp\libgcc.a(_dvmd_tls.o)

Cross Reference Table

Symbol                                            File
ADC1_COMP_IRQHandler                              build/startup_stm32f051x8.o
AHBPrescTable                                     build/system_stm32f0xx.o
                                                  build/stm32f0xx_hal_rcc.o
APBPrescTable                                     build/system_stm32f0xx.o
                                                  build/stm32f0xx_hal_rcc.o
CEC_CAN_IRQHandler                                build/startup_stm32f051x8.o
DMA1_Channel1_IRQHandler                          build/startup_stm32f051x8.o
DMA1_Channel2_3_IRQHandler                        build/startup_stm32f051x8.o
DMA1_Channel4_5_IRQHandler                        build/startup_stm32f051x8.o
Default_Handler                                   build/startup_stm32f051x8.o
EXTI0_1_IRQHandler                                build/startup_stm32f051x8.o
EXTI2_3_IRQHandler                                build/startup_stm32f051x8.o
EXTI4_15_IRQHandler                               build/startup_stm32f051x8.o
Error_Handler                                     build/main.o
FLASH_IRQHandler                                  build/startup_stm32f051x8.o
FLASH_PageErase                                   build/stm32f0xx_hal_flash_ex.o
                                                  build/stm32f0xx_hal_flash.o
FLASH_WaitForLastOperation                        build/stm32f0xx_hal_flash.o
                                                  build/stm32f0xx_hal_flash_ex.o
HAL_DBGMCU_DisableDBGStandbyMode                  build/stm32f0xx_hal.o
HAL_DBGMCU_DisableDBGStopMode                     build/stm32f0xx_hal.o
HAL_DBGMCU_EnableDBGStandbyMode                   build/stm32f0xx_hal.o
HAL_DBGMCU_EnableDBGStopMode                      build/stm32f0xx_hal.o
HAL_DMA_Abort                                     build/stm32f0xx_hal_dma.o
HAL_DMA_Abort_IT                                  build/stm32f0xx_hal_dma.o
                                                  build/stm32f0xx_hal_i2c.o
HAL_DMA_DeInit                                    build/stm32f0xx_hal_dma.o
HAL_DMA_GetError                                  build/stm32f0xx_hal_dma.o
HAL_DMA_GetState                                  build/stm32f0xx_hal_dma.o
                                                  build/stm32f0xx_hal_i2c.o
HAL_DMA_IRQHandler                                build/stm32f0xx_hal_dma.o
HAL_DMA_Init                                      build/stm32f0xx_hal_dma.o
HAL_DMA_PollForTransfer                           build/stm32f0xx_hal_dma.o
HAL_DMA_RegisterCallback                          build/stm32f0xx_hal_dma.o
HAL_DMA_Start                                     build/stm32f0xx_hal_dma.o
HAL_DMA_Start_IT                                  build/stm32f0xx_hal_dma.o
                                                  build/stm32f0xx_hal_i2c.o
HAL_DMA_UnRegisterCallback                        build/stm32f0xx_hal_dma.o
HAL_DeInit                                        build/stm32f0xx_hal.o
HAL_Delay                                         build/stm32f0xx_hal.o
                                                  build/main.o
HAL_EXTI_ClearConfigLine                          build/stm32f0xx_hal_exti.o
HAL_EXTI_ClearPending                             build/stm32f0xx_hal_exti.o
HAL_EXTI_GenerateSWI                              build/stm32f0xx_hal_exti.o
HAL_EXTI_GetConfigLine                            build/stm32f0xx_hal_exti.o
HAL_EXTI_GetHandle                                build/stm32f0xx_hal_exti.o
HAL_EXTI_GetPending                               build/stm32f0xx_hal_exti.o
HAL_EXTI_IRQHandler                               build/stm32f0xx_hal_exti.o
HAL_EXTI_RegisterCallback                         build/stm32f0xx_hal_exti.o
HAL_EXTI_SetConfigLine                            build/stm32f0xx_hal_exti.o
HAL_FLASHEx_Erase                                 build/stm32f0xx_hal_flash_ex.o
HAL_FLASHEx_Erase_IT                              build/stm32f0xx_hal_flash_ex.o
HAL_FLASHEx_OBErase                               build/stm32f0xx_hal_flash_ex.o
HAL_FLASHEx_OBGetConfig                           build/stm32f0xx_hal_flash_ex.o
HAL_FLASHEx_OBGetUserData                         build/stm32f0xx_hal_flash_ex.o
HAL_FLASHEx_OBProgram                             build/stm32f0xx_hal_flash_ex.o
HAL_FLASH_EndOfOperationCallback                  build/stm32f0xx_hal_flash.o
HAL_FLASH_GetError                                build/stm32f0xx_hal_flash.o
HAL_FLASH_IRQHandler                              build/stm32f0xx_hal_flash.o
HAL_FLASH_Lock                                    build/stm32f0xx_hal_flash.o
HAL_FLASH_OB_Launch                               build/stm32f0xx_hal_flash.o
HAL_FLASH_OB_Lock                                 build/stm32f0xx_hal_flash.o
HAL_FLASH_OB_Unlock                               build/stm32f0xx_hal_flash.o
HAL_FLASH_OperationErrorCallback                  build/stm32f0xx_hal_flash.o
HAL_FLASH_Program                                 build/stm32f0xx_hal_flash.o
HAL_FLASH_Program_IT                              build/stm32f0xx_hal_flash.o
HAL_FLASH_Unlock                                  build/stm32f0xx_hal_flash.o
HAL_GPIO_DeInit                                   build/stm32f0xx_hal_gpio.o
HAL_GPIO_EXTI_Callback                            build/stm32f0xx_hal_gpio.o
HAL_GPIO_EXTI_IRQHandler                          build/stm32f0xx_hal_gpio.o
HAL_GPIO_Init                                     build/stm32f0xx_hal_gpio.o
                                                  build/stm32f0xx_hal_rcc.o
                                                  build/main.o
HAL_GPIO_LockPin                                  build/stm32f0xx_hal_gpio.o
HAL_GPIO_ReadPin                                  build/stm32f0xx_hal_gpio.o
HAL_GPIO_TogglePin                                build/stm32f0xx_hal_gpio.o
                                                  build/main.o
HAL_GPIO_WritePin                                 build/stm32f0xx_hal_gpio.o
                                                  build/main.o
HAL_GetDEVID                                      build/stm32f0xx_hal.o
HAL_GetHalVersion                                 build/stm32f0xx_hal.o
HAL_GetREVID                                      build/stm32f0xx_hal.o
HAL_GetTick                                       build/stm32f0xx_hal.o
                                                  build/stm32f0xx_hal_flash.o
                                                  build/stm32f0xx_hal_dma.o
                                                  build/stm32f0xx_hal_i2c.o
                                                  build/stm32f0xx_hal_rcc_ex.o
                                                  build/stm32f0xx_hal_rcc.o
HAL_GetTickFreq                                   build/stm32f0xx_hal.o
HAL_GetTickPrio                                   build/stm32f0xx_hal.o
HAL_GetUIDw0                                      build/stm32f0xx_hal.o
HAL_GetUIDw1                                      build/stm32f0xx_hal.o
HAL_GetUIDw2                                      build/stm32f0xx_hal.o
HAL_I2CEx_ConfigAnalogFilter                      build/stm32f0xx_hal_i2c_ex.o
HAL_I2CEx_ConfigDigitalFilter                     build/stm32f0xx_hal_i2c_ex.o
HAL_I2CEx_DisableFastModePlus                     build/stm32f0xx_hal_i2c_ex.o
HAL_I2CEx_DisableWakeUp                           build/stm32f0xx_hal_i2c_ex.o
HAL_I2CEx_EnableFastModePlus                      build/stm32f0xx_hal_i2c_ex.o
HAL_I2CEx_EnableWakeUp                            build/stm32f0xx_hal_i2c_ex.o
HAL_I2C_AbortCpltCallback                         build/stm32f0xx_hal_i2c.o
HAL_I2C_AddrCallback                              build/stm32f0xx_hal_i2c.o
HAL_I2C_DeInit                                    build/stm32f0xx_hal_i2c.o
HAL_I2C_DisableListen_IT                          build/stm32f0xx_hal_i2c.o
HAL_I2C_ER_IRQHandler                             build/stm32f0xx_hal_i2c.o
HAL_I2C_EV_IRQHandler                             build/stm32f0xx_hal_i2c.o
HAL_I2C_EnableListen_IT                           build/stm32f0xx_hal_i2c.o
HAL_I2C_ErrorCallback                             build/stm32f0xx_hal_i2c.o
HAL_I2C_GetError                                  build/stm32f0xx_hal_i2c.o
HAL_I2C_GetMode                                   build/stm32f0xx_hal_i2c.o
HAL_I2C_GetState                                  build/stm32f0xx_hal_i2c.o
HAL_I2C_Init                                      build/stm32f0xx_hal_i2c.o
HAL_I2C_IsDeviceReady                             build/stm32f0xx_hal_i2c.o
HAL_I2C_ListenCpltCallback                        build/stm32f0xx_hal_i2c.o
HAL_I2C_MasterRxCpltCallback                      build/stm32f0xx_hal_i2c.o
HAL_I2C_MasterTxCpltCallback                      build/stm32f0xx_hal_i2c.o
HAL_I2C_Master_Abort_IT                           build/stm32f0xx_hal_i2c.o
HAL_I2C_Master_Receive                            build/stm32f0xx_hal_i2c.o
HAL_I2C_Master_Receive_DMA                        build/stm32f0xx_hal_i2c.o
HAL_I2C_Master_Receive_IT                         build/stm32f0xx_hal_i2c.o
HAL_I2C_Master_Seq_Receive_DMA                    build/stm32f0xx_hal_i2c.o
HAL_I2C_Master_Seq_Receive_IT                     build/stm32f0xx_hal_i2c.o
HAL_I2C_Master_Seq_Transmit_DMA                   build/stm32f0xx_hal_i2c.o
HAL_I2C_Master_Seq_Transmit_IT                    build/stm32f0xx_hal_i2c.o
HAL_I2C_Master_Transmit                           build/stm32f0xx_hal_i2c.o
HAL_I2C_Master_Transmit_DMA                       build/stm32f0xx_hal_i2c.o
HAL_I2C_Master_Transmit_IT                        build/stm32f0xx_hal_i2c.o
HAL_I2C_MemRxCpltCallback                         build/stm32f0xx_hal_i2c.o
HAL_I2C_MemTxCpltCallback                         build/stm32f0xx_hal_i2c.o
HAL_I2C_Mem_Read                                  build/stm32f0xx_hal_i2c.o
HAL_I2C_Mem_Read_DMA                              build/stm32f0xx_hal_i2c.o
HAL_I2C_Mem_Read_IT                               build/stm32f0xx_hal_i2c.o
HAL_I2C_Mem_Write                                 build/stm32f0xx_hal_i2c.o
HAL_I2C_Mem_Write_DMA                             build/stm32f0xx_hal_i2c.o
HAL_I2C_Mem_Write_IT                              build/stm32f0xx_hal_i2c.o
HAL_I2C_MspDeInit                                 build/stm32f0xx_hal_i2c.o
HAL_I2C_MspInit                                   build/stm32f0xx_hal_i2c.o
HAL_I2C_SlaveRxCpltCallback                       build/stm32f0xx_hal_i2c.o
HAL_I2C_SlaveTxCpltCallback                       build/stm32f0xx_hal_i2c.o
HAL_I2C_Slave_Receive                             build/stm32f0xx_hal_i2c.o
HAL_I2C_Slave_Receive_DMA                         build/stm32f0xx_hal_i2c.o
HAL_I2C_Slave_Receive_IT                          build/stm32f0xx_hal_i2c.o
HAL_I2C_Slave_Seq_Receive_DMA                     build/stm32f0xx_hal_i2c.o
HAL_I2C_Slave_Seq_Receive_IT                      build/stm32f0xx_hal_i2c.o
HAL_I2C_Slave_Seq_Transmit_DMA                    build/stm32f0xx_hal_i2c.o
HAL_I2C_Slave_Seq_Transmit_IT                     build/stm32f0xx_hal_i2c.o
HAL_I2C_Slave_Transmit                            build/stm32f0xx_hal_i2c.o
HAL_I2C_Slave_Transmit_DMA                        build/stm32f0xx_hal_i2c.o
HAL_I2C_Slave_Transmit_IT                         build/stm32f0xx_hal_i2c.o
HAL_IncTick                                       build/stm32f0xx_hal.o
                                                  build/stm32f0xx_it.o
HAL_Init                                          build/stm32f0xx_hal.o
                                                  build/main.o
HAL_InitTick                                      build/stm32f0xx_hal.o
                                                  build/stm32f0xx_hal_rcc.o
HAL_MspDeInit                                     build/stm32f0xx_hal.o
HAL_MspInit                                       build/stm32f0xx_hal_msp.o
HAL_NVIC_ClearPendingIRQ                          build/stm32f0xx_hal_cortex.o
HAL_NVIC_DisableIRQ                               build/stm32f0xx_hal_cortex.o
HAL_NVIC_EnableIRQ                                build/stm32f0xx_hal_cortex.o
HAL_NVIC_GetPendingIRQ                            build/stm32f0xx_hal_cortex.o
HAL_NVIC_GetPriority                              build/stm32f0xx_hal_cortex.o
HAL_NVIC_SetPendingIRQ                            build/stm32f0xx_hal_cortex.o
HAL_NVIC_SetPriority                              build/stm32f0xx_hal_cortex.o
                                                  build/stm32f0xx_hal.o
HAL_NVIC_SystemReset                              build/stm32f0xx_hal_cortex.o
HAL_PWR_ConfigPVD                                 build/stm32f0xx_hal_pwr_ex.o
HAL_PWR_DeInit                                    build/stm32f0xx_hal_pwr.o
HAL_PWR_DisableBkUpAccess                         build/stm32f0xx_hal_pwr.o
HAL_PWR_DisablePVD                                build/stm32f0xx_hal_pwr_ex.o
HAL_PWR_DisableSEVOnPend                          build/stm32f0xx_hal_pwr.o
HAL_PWR_DisableSleepOnExit                        build/stm32f0xx_hal_pwr.o
HAL_PWR_DisableWakeUpPin                          build/stm32f0xx_hal_pwr.o
HAL_PWR_EnableBkUpAccess                          build/stm32f0xx_hal_pwr.o
HAL_PWR_EnablePVD                                 build/stm32f0xx_hal_pwr_ex.o
HAL_PWR_EnableSEVOnPend                           build/stm32f0xx_hal_pwr.o
HAL_PWR_EnableSleepOnExit                         build/stm32f0xx_hal_pwr.o
HAL_PWR_EnableWakeUpPin                           build/stm32f0xx_hal_pwr.o
HAL_PWR_EnterSLEEPMode                            build/stm32f0xx_hal_pwr.o
HAL_PWR_EnterSTANDBYMode                          build/stm32f0xx_hal_pwr.o
HAL_PWR_EnterSTOPMode                             build/stm32f0xx_hal_pwr.o
HAL_PWR_PVDCallback                               build/stm32f0xx_hal_pwr_ex.o
HAL_PWR_PVD_IRQHandler                            build/stm32f0xx_hal_pwr_ex.o
HAL_RCCEx_GetPeriphCLKConfig                      build/stm32f0xx_hal_rcc_ex.o
HAL_RCCEx_GetPeriphCLKFreq                        build/stm32f0xx_hal_rcc_ex.o
HAL_RCCEx_PeriphCLKConfig                         build/stm32f0xx_hal_rcc_ex.o
HAL_RCC_CSSCallback                               build/stm32f0xx_hal_rcc.o
HAL_RCC_ClockConfig                               build/stm32f0xx_hal_rcc.o
                                                  build/main.o
HAL_RCC_DeInit                                    build/stm32f0xx_hal_rcc.o
HAL_RCC_DisableCSS                                build/stm32f0xx_hal_rcc.o
HAL_RCC_EnableCSS                                 build/stm32f0xx_hal_rcc.o
HAL_RCC_GetClockConfig                            build/stm32f0xx_hal_rcc.o
HAL_RCC_GetHCLKFreq                               build/stm32f0xx_hal_rcc.o
HAL_RCC_GetOscConfig                              build/stm32f0xx_hal_rcc.o
HAL_RCC_GetPCLK1Freq                              build/stm32f0xx_hal_rcc.o
                                                  build/stm32f0xx_hal_rcc_ex.o
HAL_RCC_GetSysClockFreq                           build/stm32f0xx_hal_rcc.o
                                                  build/stm32f0xx_hal_rcc_ex.o
HAL_RCC_MCOConfig                                 build/stm32f0xx_hal_rcc.o
HAL_RCC_NMI_IRQHandler                            build/stm32f0xx_hal_rcc.o
HAL_RCC_OscConfig                                 build/stm32f0xx_hal_rcc.o
                                                  build/main.o
HAL_ResumeTick                                    build/stm32f0xx_hal.o
HAL_SYSTICK_CLKSourceConfig                       build/stm32f0xx_hal_cortex.o
HAL_SYSTICK_Callback                              build/stm32f0xx_hal_cortex.o
HAL_SYSTICK_Config                                build/stm32f0xx_hal_cortex.o
                                                  build/stm32f0xx_hal.o
HAL_SYSTICK_IRQHandler                            build/stm32f0xx_hal_cortex.o
HAL_SetTickFreq                                   build/stm32f0xx_hal.o
HAL_SuspendTick                                   build/stm32f0xx_hal.o
HardFault_Handler                                 build/stm32f0xx_it.o
I2C1_IRQHandler                                   build/startup_stm32f051x8.o
I2C2_IRQHandler                                   build/startup_stm32f051x8.o
NMI_Handler                                       build/stm32f0xx_it.o
PVD_IRQHandler                                    build/startup_stm32f051x8.o
PendSV_Handler                                    build/stm32f0xx_it.o
RCC_CRS_IRQHandler                                build/startup_stm32f051x8.o
RTC_IRQHandler                                    build/startup_stm32f051x8.o
Reset_Handler                                     build/startup_stm32f051x8.o
SPI1_IRQHandler                                   build/startup_stm32f051x8.o
SPI2_IRQHandler                                   build/startup_stm32f051x8.o
SVC_Handler                                       build/stm32f0xx_it.o
SysTick_Handler                                   build/stm32f0xx_it.o
SystemClock_Config                                build/main.o
SystemCoreClock                                   build/system_stm32f0xx.o
                                                  build/stm32f0xx_hal.o
                                                  build/stm32f0xx_hal_rcc.o
SystemCoreClockUpdate                             build/system_stm32f0xx.o
SystemInit                                        build/system_stm32f0xx.o
                                                  build/startup_stm32f051x8.o
TIM14_IRQHandler                                  build/startup_stm32f051x8.o
TIM15_IRQHandler                                  build/startup_stm32f051x8.o
TIM16_IRQHandler                                  build/startup_stm32f051x8.o
TIM17_IRQHandler                                  build/startup_stm32f051x8.o
TIM1_BRK_UP_TRG_COM_IRQHandler                    build/startup_stm32f051x8.o
TIM1_CC_IRQHandler                                build/startup_stm32f051x8.o
TIM2_IRQHandler                                   build/startup_stm32f051x8.o
TIM3_IRQHandler                                   build/startup_stm32f051x8.o
TIM6_DAC_IRQHandler                               build/startup_stm32f051x8.o
TSC_IRQHandler                                    build/startup_stm32f051x8.o
USART1_IRQHandler                                 build/startup_stm32f051x8.o
USART2_IRQHandler                                 build/startup_stm32f051x8.o
WWDG_IRQHandler                                   build/startup_stm32f051x8.o
_ITM_deregisterTMCloneTable                       c:/dev/tool/gcc-arm-11.2-2022.02-mingw-w64-i686-arm-none-eabi/gcc-arm-11.2-2022.02-mingw-w64-i686-arm-none-eabi/bin/../lib/gcc/arm-none-eabi/11.2.1/thumb/v6-m/nofp/crtbegin.o
_ITM_registerTMCloneTable                         c:/dev/tool/gcc-arm-11.2-2022.02-mingw-w64-i686-arm-none-eabi/gcc-arm-11.2-2022.02-mingw-w64-i686-arm-none-eabi/bin/../lib/gcc/arm-none-eabi/11.2.1/thumb/v6-m/nofp/crtbegin.o
__TMC_END__                                       c:/dev/tool/gcc-arm-11.2-2022.02-mingw-w64-i686-arm-none-eabi/gcc-arm-11.2-2022.02-mingw-w64-i686-arm-none-eabi/bin/../lib/gcc/arm-none-eabi/11.2.1/thumb/v6-m/nofp/crtend.o
                                                  c:/dev/tool/gcc-arm-11.2-2022.02-mingw-w64-i686-arm-none-eabi/gcc-arm-11.2-2022.02-mingw-w64-i686-arm-none-eabi/bin/../lib/gcc/arm-none-eabi/11.2.1/thumb/v6-m/nofp/crtbegin.o
__aeabi_idiv0                                     c:/dev/tool/gcc-arm-11.2-2022.02-mingw-w64-i686-arm-none-eabi/gcc-arm-11.2-2022.02-mingw-w64-i686-arm-none-eabi/bin/../lib/gcc/arm-none-eabi/11.2.1/thumb/v6-m/nofp\libgcc.a(_dvmd_tls.o)
                                                  c:/dev/tool/gcc-arm-11.2-2022.02-mingw-w64-i686-arm-none-eabi/gcc-arm-11.2-2022.02-mingw-w64-i686-arm-none-eabi/bin/../lib/gcc/arm-none-eabi/11.2.1/thumb/v6-m/nofp\libgcc.a(_udivsi3.o)
__aeabi_ldiv0                                     c:/dev/tool/gcc-arm-11.2-2022.02-mingw-w64-i686-arm-none-eabi/gcc-arm-11.2-2022.02-mingw-w64-i686-arm-none-eabi/bin/../lib/gcc/arm-none-eabi/11.2.1/thumb/v6-m/nofp\libgcc.a(_dvmd_tls.o)
__aeabi_uidiv                                     c:/dev/tool/gcc-arm-11.2-2022.02-mingw-w64-i686-arm-none-eabi/gcc-arm-11.2-2022.02-mingw-w64-i686-arm-none-eabi/bin/../lib/gcc/arm-none-eabi/11.2.1/thumb/v6-m/nofp\libgcc.a(_udivsi3.o)
                                                  build/system_stm32f0xx.o
                                                  build/stm32f0xx_hal_dma.o
                                                  build/stm32f0xx_hal.o
                                                  build/stm32f0xx_hal_rcc.o
__aeabi_uidivmod                                  c:/dev/tool/gcc-arm-11.2-2022.02-mingw-w64-i686-arm-none-eabi/gcc-arm-11.2-2022.02-mingw-w64-i686-arm-none-eabi/bin/../lib/gcc/arm-none-eabi/11.2.1/thumb/v6-m/nofp\libgcc.a(_udivsi3.o)
__bss_end__                                       c:/dev/tool/gcc-arm-11.2-2022.02-mingw-w64-i686-arm-none-eabi/gcc-arm-11.2-2022.02-mingw-w64-i686-arm-none-eabi/bin/../lib/gcc/arm-none-eabi/11.2.1/thumb/v6-m/nofp/crt0.o
__bss_start__                                     c:/dev/tool/gcc-arm-11.2-2022.02-mingw-w64-i686-arm-none-eabi/gcc-arm-11.2-2022.02-mingw-w64-i686-arm-none-eabi/bin/../lib/gcc/arm-none-eabi/11.2.1/thumb/v6-m/nofp/crt0.o
__call_exitprocs                                  c:/dev/tool/gcc-arm-11.2-2022.02-mingw-w64-i686-arm-none-eabi/gcc-arm-11.2-2022.02-mingw-w64-i686-arm-none-eabi/bin/../lib/gcc/arm-none-eabi/11.2.1/thumb/v6-m/nofp\libc_nano.a(lib_a-exit.o)
__deregister_frame_info                           c:/dev/tool/gcc-arm-11.2-2022.02-mingw-w64-i686-arm-none-eabi/gcc-arm-11.2-2022.02-mingw-w64-i686-arm-none-eabi/bin/../lib/gcc/arm-none-eabi/11.2.1/thumb/v6-m/nofp/crtbegin.o
__dso_handle                                      c:/dev/tool/gcc-arm-11.2-2022.02-mingw-w64-i686-arm-none-eabi/gcc-arm-11.2-2022.02-mingw-w64-i686-arm-none-eabi/bin/../lib/gcc/arm-none-eabi/11.2.1/thumb/v6-m/nofp/crtbegin.o
__init_array_end                                  c:/dev/tool/gcc-arm-11.2-2022.02-mingw-w64-i686-arm-none-eabi/gcc-arm-11.2-2022.02-mingw-w64-i686-arm-none-eabi/bin/../lib/gcc/arm-none-eabi/11.2.1/thumb/v6-m/nofp\libc_nano.a(lib_a-init.o)
__init_array_start                                c:/dev/tool/gcc-arm-11.2-2022.02-mingw-w64-i686-arm-none-eabi/gcc-arm-11.2-2022.02-mingw-w64-i686-arm-none-eabi/bin/../lib/gcc/arm-none-eabi/11.2.1/thumb/v6-m/nofp\libc_nano.a(lib_a-init.o)
__libc_fini_array                                 c:/dev/tool/gcc-arm-11.2-2022.02-mingw-w64-i686-arm-none-eabi/gcc-arm-11.2-2022.02-mingw-w64-i686-arm-none-eabi/bin/../lib/gcc/arm-none-eabi/11.2.1/thumb/v6-m/nofp/crt0.o
__libc_init_array                                 c:/dev/tool/gcc-arm-11.2-2022.02-mingw-w64-i686-arm-none-eabi/gcc-arm-11.2-2022.02-mingw-w64-i686-arm-none-eabi/bin/../lib/gcc/arm-none-eabi/11.2.1/thumb/v6-m/nofp\libc_nano.a(lib_a-init.o)
                                                  build/startup_stm32f051x8.o
                                                  c:/dev/tool/gcc-arm-11.2-2022.02-mingw-w64-i686-arm-none-eabi/gcc-arm-11.2-2022.02-mingw-w64-i686-arm-none-eabi/bin/../lib/gcc/arm-none-eabi/11.2.1/thumb/v6-m/nofp/crt0.o
__preinit_array_end                               c:/dev/tool/gcc-arm-11.2-2022.02-mingw-w64-i686-arm-none-eabi/gcc-arm-11.2-2022.02-mingw-w64-i686-arm-none-eabi/bin/../lib/gcc/arm-none-eabi/11.2.1/thumb/v6-m/nofp\libc_nano.a(lib_a-init.o)
__preinit_array_start                             c:/dev/tool/gcc-arm-11.2-2022.02-mingw-w64-i686-arm-none-eabi/gcc-arm-11.2-2022.02-mingw-w64-i686-arm-none-eabi/bin/../lib/gcc/arm-none-eabi/11.2.1/thumb/v6-m/nofp\libc_nano.a(lib_a-init.o)
__register_frame_info                             c:/dev/tool/gcc-arm-11.2-2022.02-mingw-w64-i686-arm-none-eabi/gcc-arm-11.2-2022.02-mingw-w64-i686-arm-none-eabi/bin/../lib/gcc/arm-none-eabi/11.2.1/thumb/v6-m/nofp/crtbegin.o
__sf_fake_stderr                                  c:/dev/tool/gcc-arm-11.2-2022.02-mingw-w64-i686-arm-none-eabi/gcc-arm-11.2-2022.02-mingw-w64-i686-arm-none-eabi/bin/../lib/gcc/arm-none-eabi/11.2.1/thumb/v6-m/nofp\libc_nano.a(lib_a-impure.o)
__sf_fake_stdin                                   c:/dev/tool/gcc-arm-11.2-2022.02-mingw-w64-i686-arm-none-eabi/gcc-arm-11.2-2022.02-mingw-w64-i686-arm-none-eabi/bin/../lib/gcc/arm-none-eabi/11.2.1/thumb/v6-m/nofp\libc_nano.a(lib_a-impure.o)
__sf_fake_stdout                                  c:/dev/tool/gcc-arm-11.2-2022.02-mingw-w64-i686-arm-none-eabi/gcc-arm-11.2-2022.02-mingw-w64-i686-arm-none-eabi/bin/../lib/gcc/arm-none-eabi/11.2.1/thumb/v6-m/nofp\libc_nano.a(lib_a-impure.o)
__stack                                           c:/dev/tool/gcc-arm-11.2-2022.02-mingw-w64-i686-arm-none-eabi/gcc-arm-11.2-2022.02-mingw-w64-i686-arm-none-eabi/bin/../lib/gcc/arm-none-eabi/11.2.1/thumb/v6-m/nofp/crt0.o
__udivsi3                                         c:/dev/tool/gcc-arm-11.2-2022.02-mingw-w64-i686-arm-none-eabi/gcc-arm-11.2-2022.02-mingw-w64-i686-arm-none-eabi/bin/../lib/gcc/arm-none-eabi/11.2.1/thumb/v6-m/nofp\libgcc.a(_udivsi3.o)
_ebss                                             build/startup_stm32f051x8.o
_edata                                            build/startup_stm32f051x8.o
_estack                                           build/startup_stm32f051x8.o
_exit                                             c:/dev/tool/gcc-arm-11.2-2022.02-mingw-w64-i686-arm-none-eabi/gcc-arm-11.2-2022.02-mingw-w64-i686-arm-none-eabi/bin/../lib/gcc/arm-none-eabi/11.2.1/thumb/v6-m/nofp\libnosys.a(_exit.o)
                                                  c:/dev/tool/gcc-arm-11.2-2022.02-mingw-w64-i686-arm-none-eabi/gcc-arm-11.2-2022.02-mingw-w64-i686-arm-none-eabi/bin/../lib/gcc/arm-none-eabi/11.2.1/thumb/v6-m/nofp\libc_nano.a(lib_a-exit.o)
_fini                                             c:/dev/tool/gcc-arm-11.2-2022.02-mingw-w64-i686-arm-none-eabi/gcc-arm-11.2-2022.02-mingw-w64-i686-arm-none-eabi/bin/../lib/gcc/arm-none-eabi/11.2.1/thumb/v6-m/nofp/crti.o
_global_impure_ptr                                c:/dev/tool/gcc-arm-11.2-2022.02-mingw-w64-i686-arm-none-eabi/gcc-arm-11.2-2022.02-mingw-w64-i686-arm-none-eabi/bin/../lib/gcc/arm-none-eabi/11.2.1/thumb/v6-m/nofp\libc_nano.a(lib_a-impure.o)
                                                  c:/dev/tool/gcc-arm-11.2-2022.02-mingw-w64-i686-arm-none-eabi/gcc-arm-11.2-2022.02-mingw-w64-i686-arm-none-eabi/bin/../lib/gcc/arm-none-eabi/11.2.1/thumb/v6-m/nofp\libc_nano.a(lib_a-exit.o)
_impure_ptr                                       c:/dev/tool/gcc-arm-11.2-2022.02-mingw-w64-i686-arm-none-eabi/gcc-arm-11.2-2022.02-mingw-w64-i686-arm-none-eabi/bin/../lib/gcc/arm-none-eabi/11.2.1/thumb/v6-m/nofp\libc_nano.a(lib_a-impure.o)
_init                                             c:/dev/tool/gcc-arm-11.2-2022.02-mingw-w64-i686-arm-none-eabi/gcc-arm-11.2-2022.02-mingw-w64-i686-arm-none-eabi/bin/../lib/gcc/arm-none-eabi/11.2.1/thumb/v6-m/nofp/crti.o
                                                  c:/dev/tool/gcc-arm-11.2-2022.02-mingw-w64-i686-arm-none-eabi/gcc-arm-11.2-2022.02-mingw-w64-i686-arm-none-eabi/bin/../lib/gcc/arm-none-eabi/11.2.1/thumb/v6-m/nofp\libc_nano.a(lib_a-init.o)
_mainCRTStartup                                   c:/dev/tool/gcc-arm-11.2-2022.02-mingw-w64-i686-arm-none-eabi/gcc-arm-11.2-2022.02-mingw-w64-i686-arm-none-eabi/bin/../lib/gcc/arm-none-eabi/11.2.1/thumb/v6-m/nofp/crt0.o
_sbss                                             build/startup_stm32f051x8.o
_sdata                                            build/startup_stm32f051x8.o
_sidata                                           build/startup_stm32f051x8.o
_stack_init                                       c:/dev/tool/gcc-arm-11.2-2022.02-mingw-w64-i686-arm-none-eabi/gcc-arm-11.2-2022.02-mingw-w64-i686-arm-none-eabi/bin/../lib/gcc/arm-none-eabi/11.2.1/thumb/v6-m/nofp/crt0.o
_start                                            c:/dev/tool/gcc-arm-11.2-2022.02-mingw-w64-i686-arm-none-eabi/gcc-arm-11.2-2022.02-mingw-w64-i686-arm-none-eabi/bin/../lib/gcc/arm-none-eabi/11.2.1/thumb/v6-m/nofp/crt0.o
atexit                                            c:/dev/tool/gcc-arm-11.2-2022.02-mingw-w64-i686-arm-none-eabi/gcc-arm-11.2-2022.02-mingw-w64-i686-arm-none-eabi/bin/../lib/gcc/arm-none-eabi/11.2.1/thumb/v6-m/nofp/crt0.o
exit                                              c:/dev/tool/gcc-arm-11.2-2022.02-mingw-w64-i686-arm-none-eabi/gcc-arm-11.2-2022.02-mingw-w64-i686-arm-none-eabi/bin/../lib/gcc/arm-none-eabi/11.2.1/thumb/v6-m/nofp\libc_nano.a(lib_a-exit.o)
                                                  c:/dev/tool/gcc-arm-11.2-2022.02-mingw-w64-i686-arm-none-eabi/gcc-arm-11.2-2022.02-mingw-w64-i686-arm-none-eabi/bin/../lib/gcc/arm-none-eabi/11.2.1/thumb/v6-m/nofp/crt0.o
g_pfnVectors                                      build/startup_stm32f051x8.o
hardware_init_hook                                c:/dev/tool/gcc-arm-11.2-2022.02-mingw-w64-i686-arm-none-eabi/gcc-arm-11.2-2022.02-mingw-w64-i686-arm-none-eabi/bin/../lib/gcc/arm-none-eabi/11.2.1/thumb/v6-m/nofp/crt0.o
main                                              build/main.o
                                                  build/startup_stm32f051x8.o
                                                  c:/dev/tool/gcc-arm-11.2-2022.02-mingw-w64-i686-arm-none-eabi/gcc-arm-11.2-2022.02-mingw-w64-i686-arm-none-eabi/bin/../lib/gcc/arm-none-eabi/11.2.1/thumb/v6-m/nofp/crt0.o
memset                                            c:/dev/tool/gcc-arm-11.2-2022.02-mingw-w64-i686-arm-none-eabi/gcc-arm-11.2-2022.02-mingw-w64-i686-arm-none-eabi/bin/../lib/gcc/arm-none-eabi/11.2.1/thumb/v6-m/nofp\libc_nano.a(lib_a-memset.o)
                                                  build/main.o
                                                  c:/dev/tool/gcc-arm-11.2-2022.02-mingw-w64-i686-arm-none-eabi/gcc-arm-11.2-2022.02-mingw-w64-i686-arm-none-eabi/bin/../lib/gcc/arm-none-eabi/11.2.1/thumb/v6-m/nofp/crt0.o
pFlash                                            build/stm32f0xx_hal_flash.o
                                                  build/stm32f0xx_hal_flash_ex.o
software_init_hook                                c:/dev/tool/gcc-arm-11.2-2022.02-mingw-w64-i686-arm-none-eabi/gcc-arm-11.2-2022.02-mingw-w64-i686-arm-none-eabi/bin/../lib/gcc/arm-none-eabi/11.2.1/thumb/v6-m/nofp/crt0.o
uwTick                                            build/stm32f0xx_hal.o
uwTickFreq                                        build/stm32f0xx_hal.o
uwTickPrio                                        build/stm32f0xx_hal.o
                                                  build/stm32f0xx_hal_rcc.o
